Log: C:\http\dev\nette\tests\test.log
.........................

OK (25 tests, 0 skipped)
